20:02:34 **** Build of configuration Debug for project Project_ADC ****
make -j16 all 
arm-none-eabi-gcc "../Core/Src/adc.c" -mcpu=cortex-m4 -std=gnu11 -g3 -DDEBUG -DARM_MATH_CM4 -DUSE_HAL_DRIVER -DSTM32L476xx -c -I../Core/Inc -I"D:/ST/WorkSpace/Project_ADC/Drivers/CMSIS/DSP/Include" -IC:/Users/Razer/STM32Cube/Repository/STM32Cube_FW_L4_V1.17.2/Drivers/STM32L4xx_HAL_Driver/Inc -IC:/Users/Razer/STM32Cube/Repository/STM32Cube_FW_L4_V1.17.2/Drivers/STM32L4xx_HAL_Driver/Inc/Legacy -IC:/Users/Razer/STM32Cube/Repository/STM32Cube_FW_L4_V1.17.2/Drivers/CMSIS/Device/ST/STM32L4xx/Include -IC:/Users/Razer/STM32Cube/Repository/STM32Cube_FW_L4_V1.17.2/Drivers/CMSIS/Include -O0 -ffunction-sections -fdata-sections -Wall -fstack-usage -MMD -MP -MF"Core/Src/adc.d" -MT"Core/Src/adc.o" --specs=nano.specs -mfpu=fpv4-sp-d16 -mfloat-abi=hard -mthumb -o "Core/Src/adc.o"
arm-none-eabi-gcc "../Core/Src/dma.c" -mcpu=cortex-m4 -std=gnu11 -g3 -DDEBUG -DARM_MATH_CM4 -DUSE_HAL_DRIVER -DSTM32L476xx -c -I../Core/Inc -I"D:/ST/WorkSpace/Project_ADC/Drivers/CMSIS/DSP/Include" -IC:/Users/Razer/STM32Cube/Repository/STM32Cube_FW_L4_V1.17.2/Drivers/STM32L4xx_HAL_Driver/Inc -IC:/Users/Razer/STM32Cube/Repository/STM32Cube_FW_L4_V1.17.2/Drivers/STM32L4xx_HAL_Driver/Inc/Legacy -IC:/Users/Razer/STM32Cube/Repository/STM32Cube_FW_L4_V1.17.2/Drivers/CMSIS/Device/ST/STM32L4xx/Include -IC:/Users/Razer/STM32Cube/Repository/STM32Cube_FW_L4_V1.17.2/Drivers/CMSIS/Include -O0 -ffunction-sections -fdata-sections -Wall -fstack-usage -MMD -MP -MF"Core/Src/dma.d" -MT"Core/Src/dma.o" --specs=nano.specs -mfpu=fpv4-sp-d16 -mfloat-abi=hard -mthumb -o "Core/Src/dma.o"
arm-none-eabi-gcc "../Core/Src/gpio.c" -mcpu=cortex-m4 -std=gnu11 -g3 -DDEBUG -DARM_MATH_CM4 -DUSE_HAL_DRIVER -DSTM32L476xx -c -I../Core/Inc -I"D:/ST/WorkSpace/Project_ADC/Drivers/CMSIS/DSP/Include" -IC:/Users/Razer/STM32Cube/Repository/STM32Cube_FW_L4_V1.17.2/Drivers/STM32L4xx_HAL_Driver/Inc -IC:/Users/Razer/STM32Cube/Repository/STM32Cube_FW_L4_V1.17.2/Drivers/STM32L4xx_HAL_Driver/Inc/Legacy -IC:/Users/Razer/STM32Cube/Repository/STM32Cube_FW_L4_V1.17.2/Drivers/CMSIS/Device/ST/STM32L4xx/Include -IC:/Users/Razer/STM32Cube/Repository/STM32Cube_FW_L4_V1.17.2/Drivers/CMSIS/Include -O0 -ffunction-sections -fdata-sections -Wall -fstack-usage -MMD -MP -MF"Core/Src/gpio.d" -MT"Core/Src/gpio.o" --specs=nano.specs -mfpu=fpv4-sp-d16 -mfloat-abi=hard -mthumb -o "Core/Src/gpio.o"
arm-none-eabi-gcc "../Core/Src/main.c" -mcpu=cortex-m4 -std=gnu11 -g3 -DDEBUG -DARM_MATH_CM4 -DUSE_HAL_DRIVER -DSTM32L476xx -c -I../Core/Inc -I"D:/ST/WorkSpace/Project_ADC/Drivers/CMSIS/DSP/Include" -IC:/Users/Razer/STM32Cube/Repository/STM32Cube_FW_L4_V1.17.2/Drivers/STM32L4xx_HAL_Driver/Inc -IC:/Users/Razer/STM32Cube/Repository/STM32Cube_FW_L4_V1.17.2/Drivers/STM32L4xx_HAL_Driver/Inc/Legacy -IC:/Users/Razer/STM32Cube/Repository/STM32Cube_FW_L4_V1.17.2/Drivers/CMSIS/Device/ST/STM32L4xx/Include -IC:/Users/Razer/STM32Cube/Repository/STM32Cube_FW_L4_V1.17.2/Drivers/CMSIS/Include -O0 -ffunction-sections -fdata-sections -Wall -fstack-usage -MMD -MP -MF"Core/Src/main.d" -MT"Core/Src/main.o" --specs=nano.specs -mfpu=fpv4-sp-d16 -mfloat-abi=hard -mthumb -o "Core/Src/main.o"
arm-none-eabi-gcc "../Core/Src/rtc.c" -mcpu=cortex-m4 -std=gnu11 -g3 -DDEBUG -DARM_MATH_CM4 -DUSE_HAL_DRIVER -DSTM32L476xx -c -I../Core/Inc -I"D:/ST/WorkSpace/Project_ADC/Drivers/CMSIS/DSP/Include" -IC:/Users/Razer/STM32Cube/Repository/STM32Cube_FW_L4_V1.17.2/Drivers/STM32L4xx_HAL_Driver/Inc -IC:/Users/Razer/STM32Cube/Repository/STM32Cube_FW_L4_V1.17.2/Drivers/STM32L4xx_HAL_Driver/Inc/Legacy -IC:/Users/Razer/STM32Cube/Repository/STM32Cube_FW_L4_V1.17.2/Drivers/CMSIS/Device/ST/STM32L4xx/Include -IC:/Users/Razer/STM32Cube/Repository/STM32Cube_FW_L4_V1.17.2/Drivers/CMSIS/Include -O0 -ffunction-sections -fdata-sections -Wall -fstack-usage -MMD -MP -MF"Core/Src/rtc.d" -MT"Core/Src/rtc.o" --specs=nano.specs -mfpu=fpv4-sp-d16 -mfloat-abi=hard -mthumb -o "Core/Src/rtc.o"
arm-none-eabi-gcc "../Core/Src/stm32l4xx_hal_msp.c" -mcpu=cortex-m4 -std=gnu11 -g3 -DDEBUG -DARM_MATH_CM4 -DUSE_HAL_DRIVER -DSTM32L476xx -c -I../Core/Inc -I"D:/ST/WorkSpace/Project_ADC/Drivers/CMSIS/DSP/Include" -IC:/Users/Razer/STM32Cube/Repository/STM32Cube_FW_L4_V1.17.2/Drivers/STM32L4xx_HAL_Driver/Inc -IC:/Users/Razer/STM32Cube/Repository/STM32Cube_FW_L4_V1.17.2/Drivers/STM32L4xx_HAL_Driver/Inc/Legacy -IC:/Users/Razer/STM32Cube/Repository/STM32Cube_FW_L4_V1.17.2/Drivers/CMSIS/Device/ST/STM32L4xx/Include -IC:/Users/Razer/STM32Cube/Repository/STM32Cube_FW_L4_V1.17.2/Drivers/CMSIS/Include -O0 -ffunction-sections -fdata-sections -Wall -fstack-usage -MMD -MP -MF"Core/Src/stm32l4xx_hal_msp.d" -MT"Core/Src/stm32l4xx_hal_msp.o" --specs=nano.specs -mfpu=fpv4-sp-d16 -mfloat-abi=hard -mthumb -o "Core/Src/stm32l4xx_hal_msp.o"
arm-none-eabi-gcc "../Core/Src/stm32l4xx_it.c" -mcpu=cortex-m4 -std=gnu11 -g3 -DDEBUG -DARM_MATH_CM4 -DUSE_HAL_DRIVER -DSTM32L476xx -c -I../Core/Inc -I"D:/ST/WorkSpace/Project_ADC/Drivers/CMSIS/DSP/Include" -IC:/Users/Razer/STM32Cube/Repository/STM32Cube_FW_L4_V1.17.2/Drivers/STM32L4xx_HAL_Driver/Inc -IC:/Users/Razer/STM32Cube/Repository/STM32Cube_FW_L4_V1.17.2/Drivers/STM32L4xx_HAL_Driver/Inc/Legacy -IC:/Users/Razer/STM32Cube/Repository/STM32Cube_FW_L4_V1.17.2/Drivers/CMSIS/Device/ST/STM32L4xx/Include -IC:/Users/Razer/STM32Cube/Repository/STM32Cube_FW_L4_V1.17.2/Drivers/CMSIS/Include -O0 -ffunction-sections -fdata-sections -Wall -fstack-usage -MMD -MP -MF"Core/Src/stm32l4xx_it.d" -MT"Core/Src/stm32l4xx_it.o" --specs=nano.specs -mfpu=fpv4-sp-d16 -mfloat-abi=hard -mthumb -o "Core/Src/stm32l4xx_it.o"
arm-none-eabi-gcc "../Core/Src/syscalls.c" -mcpu=cortex-m4 -std=gnu11 -g3 -DDEBUG -DARM_MATH_CM4 -DUSE_HAL_DRIVER -DSTM32L476xx -c -I../Core/Inc -I"D:/ST/WorkSpace/Project_ADC/Drivers/CMSIS/DSP/Include" -IC:/Users/Razer/STM32Cube/Repository/STM32Cube_FW_L4_V1.17.2/Drivers/STM32L4xx_HAL_Driver/Inc -IC:/Users/Razer/STM32Cube/Repository/STM32Cube_FW_L4_V1.17.2/Drivers/STM32L4xx_HAL_Driver/Inc/Legacy -IC:/Users/Razer/STM32Cube/Repository/STM32Cube_FW_L4_V1.17.2/Drivers/CMSIS/Device/ST/STM32L4xx/Include -IC:/Users/Razer/STM32Cube/Repository/STM32Cube_FW_L4_V1.17.2/Drivers/CMSIS/Include -O0 -ffunction-sections -fdata-sections -Wall -fstack-usage -MMD -MP -MF"Core/Src/syscalls.d" -MT"Core/Src/syscalls.o" --specs=nano.specs -mfpu=fpv4-sp-d16 -mfloat-abi=hard -mthumb -o "Core/Src/syscalls.o"
arm-none-eabi-gcc "../Core/Src/sysmem.c" -mcpu=cortex-m4 -std=gnu11 -g3 -DDEBUG -DARM_MATH_CM4 -DUSE_HAL_DRIVER -DSTM32L476xx -c -I../Core/Inc -I"D:/ST/WorkSpace/Project_ADC/Drivers/CMSIS/DSP/Include" -IC:/Users/Razer/STM32Cube/Repository/STM32Cube_FW_L4_V1.17.2/Drivers/STM32L4xx_HAL_Driver/Inc -IC:/Users/Razer/STM32Cube/Repository/STM32Cube_FW_L4_V1.17.2/Drivers/STM32L4xx_HAL_Driver/Inc/Legacy -IC:/Users/Razer/STM32Cube/Repository/STM32Cube_FW_L4_V1.17.2/Drivers/CMSIS/Device/ST/STM32L4xx/Include -IC:/Users/Razer/STM32Cube/Repository/STM32Cube_FW_L4_V1.17.2/Drivers/CMSIS/Include -O0 -ffunction-sections -fdata-sections -Wall -fstack-usage -MMD -MP -MF"Core/Src/sysmem.d" -MT"Core/Src/sysmem.o" --specs=nano.specs -mfpu=fpv4-sp-d16 -mfloat-abi=hard -mthumb -o "Core/Src/sysmem.o"
arm-none-eabi-gcc "../Core/Src/system_stm32l4xx.c" -mcpu=cortex-m4 -std=gnu11 -g3 -DDEBUG -DARM_MATH_CM4 -DUSE_HAL_DRIVER -DSTM32L476xx -c -I../Core/Inc -I"D:/ST/WorkSpace/Project_ADC/Drivers/CMSIS/DSP/Include" -IC:/Users/Razer/STM32Cube/Repository/STM32Cube_FW_L4_V1.17.2/Drivers/STM32L4xx_HAL_Driver/Inc -IC:/Users/Razer/STM32Cube/Repository/STM32Cube_FW_L4_V1.17.2/Drivers/STM32L4xx_HAL_Driver/Inc/Legacy -IC:/Users/Razer/STM32Cube/Repository/STM32Cube_FW_L4_V1.17.2/Drivers/CMSIS/Device/ST/STM32L4xx/Include -IC:/Users/Razer/STM32Cube/Repository/STM32Cube_FW_L4_V1.17.2/Drivers/CMSIS/Include -O0 -ffunction-sections -fdata-sections -Wall -fstack-usage -MMD -MP -MF"Core/Src/system_stm32l4xx.d" -MT"Core/Src/system_stm32l4xx.o" --specs=nano.specs -mfpu=fpv4-sp-d16 -mfloat-abi=hard -mthumb -o "Core/Src/system_stm32l4xx.o"
arm-none-eabi-gcc "../Core/Src/usart.c" -mcpu=cortex-m4 -std=gnu11 -g3 -DDEBUG -DARM_MATH_CM4 -DUSE_HAL_DRIVER -DSTM32L476xx -c -I../Core/Inc -I"D:/ST/WorkSpace/Project_ADC/Drivers/CMSIS/DSP/Include" -IC:/Users/Razer/STM32Cube/Repository/STM32Cube_FW_L4_V1.17.2/Drivers/STM32L4xx_HAL_Driver/Inc -IC:/Users/Razer/STM32Cube/Repository/STM32Cube_FW_L4_V1.17.2/Drivers/STM32L4xx_HAL_Driver/Inc/Legacy -IC:/Users/Razer/STM32Cube/Repository/STM32Cube_FW_L4_V1.17.2/Drivers/CMSIS/Device/ST/STM32L4xx/Include -IC:/Users/Razer/STM32Cube/Repository/STM32Cube_FW_L4_V1.17.2/Drivers/CMSIS/Include -O0 -ffunction-sections -fdata-sections -Wall -fstack-usage -MMD -MP -MF"Core/Src/usart.d" -MT"Core/Src/usart.o" --specs=nano.specs -mfpu=fpv4-sp-d16 -mfloat-abi=hard -mthumb -o "Core/Src/usart.o"
arm-none-eabi-gcc "../Core/Src/view.c" -mcpu=cortex-m4 -std=gnu11 -g3 -DDEBUG -DARM_MATH_CM4 -DUSE_HAL_DRIVER -DSTM32L476xx -c -I../Core/Inc -I"D:/ST/WorkSpace/Project_ADC/Drivers/CMSIS/DSP/Include" -IC:/Users/Razer/STM32Cube/Repository/STM32Cube_FW_L4_V1.17.2/Drivers/STM32L4xx_HAL_Driver/Inc -IC:/Users/Razer/STM32Cube/Repository/STM32Cube_FW_L4_V1.17.2/Drivers/STM32L4xx_HAL_Driver/Inc/Legacy -IC:/Users/Razer/STM32Cube/Repository/STM32Cube_FW_L4_V1.17.2/Drivers/CMSIS/Device/ST/STM32L4xx/Include -IC:/Users/Razer/STM32Cube/Repository/STM32Cube_FW_L4_V1.17.2/Drivers/CMSIS/Include -O0 -ffunction-sections -fdata-sections -Wall -fstack-usage -MMD -MP -MF"Core/Src/view.d" -MT"Core/Src/view.o" --specs=nano.specs -mfpu=fpv4-sp-d16 -mfloat-abi=hard -mthumb -o "Core/Src/view.o"
../Core/Src/main.c: In function 'main':
../Core/Src/main.c:127:23: warning: variable 'lcd' set but not used [-Wunused-but-set-variable]
  127 |     Lcd_HandleTypeDef lcd;
      |                       ^~~
arm-none-eabi-gcc -o "Project_ADC.elf" @"objects.list"  -larm_cortexM4lf_math -mcpu=cortex-m4 -T"D:\ST\WorkSpace\Project_ADC\STM32L476RGTX_FLASH.ld" --specs=nosys.specs -Wl,-Map="Project_ADC.map" -Wl,--gc-sections -static -L"D:\ST\WorkSpace\Project_ADC\Drivers\CMSIS\Lib\GCC" --specs=nano.specs -mfpu=fpv4-sp-d16 -mfloat-abi=hard -mthumb -u _printf_float -u _scanf_float -Wl,--start-group -lc -lm -Wl,--end-group
Finished building target: Project_ADC.elf
 
arm-none-eabi-size   Project_ADC.elf 
arm-none-eabi-objdump -h -S  Project_ADC.elf  > "Project_ADC.list"
   text	   data	    bss	    dec	    hex	filename
  43788	    488	   8080	  52356	   cc84	Project_ADC.elf
Finished building: default.size.stdout
 
Finished building: Project_ADC.list
 
20:02:58 **** Incremental Build of configuration Debug for project Project_ADC ****
make -j16 all 
arm-none-eabi-size   Project_ADC.elf 
   text	   data	    bss	    dec	    hex	filename
  43788	    488	   8080	  52356	   cc84	Project_ADC.elf
Finished building: default.size.stdout
 
20:03:46 **** Incremental Build of configuration Debug for project Project_ADC ****
make -j16 all 
arm-none-eabi-gcc "../Core/Src/main.c" -mcpu=cortex-m4 -std=gnu11 -g3 -DDEBUG -DARM_MATH_CM4 -DUSE_HAL_DRIVER -DSTM32L476xx -c -I../Core/Inc -I"D:/ST/WorkSpace/Project_ADC/Drivers/CMSIS/DSP/Include" -IC:/Users/Razer/STM32Cube/Repository/STM32Cube_FW_L4_V1.17.2/Drivers/STM32L4xx_HAL_Driver/Inc -IC:/Users/Razer/STM32Cube/Repository/STM32Cube_FW_L4_V1.17.2/Drivers/STM32L4xx_HAL_Driver/Inc/Legacy -IC:/Users/Razer/STM32Cube/Repository/STM32Cube_FW_L4_V1.17.2/Drivers/CMSIS/Device/ST/STM32L4xx/Include -IC:/Users/Razer/STM32Cube/Repository/STM32Cube_FW_L4_V1.17.2/Drivers/CMSIS/Include -O0 -ffunction-sections -fdata-sections -Wall -fstack-usage -MMD -MP -MF"Core/Src/main.d" -MT"Core/Src/main.o" --specs=nano.specs -mfpu=fpv4-sp-d16 -mfloat-abi=hard -mthumb -o "Core/Src/main.o"
../Core/Src/main.c: In function 'main':
../Core/Src/main.c:186:18: warning: format '%d' expects argument of type 'int', but argument 3 has type 'uint32_t' {aka 'long unsigned int'} [-Wformat=]
  186 |    printf("%.4f %d\r\n", Buff_Out[index], index);
      |                 ~^                        ~~~~~
      |                  |                        |
      |                  int                      uint32_t {aka long unsigned int}
      |                 %ld
../Core/Src/main.c:127:23: warning: variable 'lcd' set but not used [-Wunused-but-set-variable]
  127 |     Lcd_HandleTypeDef lcd;
      |                       ^~~
arm-none-eabi-gcc -o "Project_ADC.elf" @"objects.list"  -larm_cortexM4lf_math -mcpu=cortex-m4 -T"D:\ST\WorkSpace\Project_ADC\STM32L476RGTX_FLASH.ld" --specs=nosys.specs -Wl,-Map="Project_ADC.map" -Wl,--gc-sections -static -L"D:\ST\WorkSpace\Project_ADC\Drivers\CMSIS\Lib\GCC" --specs=nano.specs -mfpu=fpv4-sp-d16 -mfloat-abi=hard -mthumb -u _printf_float -u _scanf_float -Wl,--start-group -lc -lm -Wl,--end-group
Finished building target: Project_ADC.elf
 
arm-none-eabi-size   Project_ADC.elf 
arm-none-eabi-objdump -h -S  Project_ADC.elf  > "Project_ADC.list"
   text	   data	    bss	    dec	    hex	filename
  48112	    488	  20384	  68984	  10d78	Project_ADC.elf
Finished building: default.size.stdout
 
Finished building: Project_ADC.list
 
20:04:59 **** Incremental Build of configuration Debug for project Project_ADC ****
make -j16 all 
arm-none-eabi-gcc "../Core/Src/main.c" -mcpu=cortex-m4 -std=gnu11 -g3 -DDEBUG -DARM_MATH_CM4 -DUSE_HAL_DRIVER -DSTM32L476xx -c -I../Core/Inc -I"D:/ST/WorkSpace/Project_ADC/Drivers/CMSIS/DSP/Include" -IC:/Users/Razer/STM32Cube/Repository/STM32Cube_FW_L4_V1.17.2/Drivers/STM32L4xx_HAL_Driver/Inc -IC:/Users/Razer/STM32Cube/Repository/STM32Cube_FW_L4_V1.17.2/Drivers/STM32L4xx_HAL_Driver/Inc/Legacy -IC:/Users/Razer/STM32Cube/Repository/STM32Cube_FW_L4_V1.17.2/Drivers/CMSIS/Device/ST/STM32L4xx/Include -IC:/Users/Razer/STM32Cube/Repository/STM32Cube_FW_L4_V1.17.2/Drivers/CMSIS/Include -O0 -ffunction-sections -fdata-sections -Wall -fstack-usage -MMD -MP -MF"Core/Src/main.d" -MT"Core/Src/main.o" --specs=nano.specs -mfpu=fpv4-sp-d16 -mfloat-abi=hard -mthumb -o "Core/Src/main.o"
../Core/Src/main.c: In function 'main':
../Core/Src/main.c:127:23: warning: variable 'lcd' set but not used [-Wunused-but-set-variable]
  127 |     Lcd_HandleTypeDef lcd;
      |                       ^~~
arm-none-eabi-gcc -o "Project_ADC.elf" @"objects.list"  -larm_cortexM4lf_math -mcpu=cortex-m4 -T"D:\ST\WorkSpace\Project_ADC\STM32L476RGTX_FLASH.ld" --specs=nosys.specs -Wl,-Map="Project_ADC.map" -Wl,--gc-sections -static -L"D:\ST\WorkSpace\Project_ADC\Drivers\CMSIS\Lib\GCC" --specs=nano.specs -mfpu=fpv4-sp-d16 -mfloat-abi=hard -mthumb -u _printf_float -u _scanf_float -Wl,--start-group -lc -lm -Wl,--end-group
Finished building target: Project_ADC.elf
 
arm-none-eabi-size   Project_ADC.elf 
arm-none-eabi-objdump -h -S  Project_ADC.elf  > "Project_ADC.list"
   text	   data	    bss	    dec	    hex	filename
  43788	    488	   8080	  52356	   cc84	Project_ADC.elf
Finished building: default.size.stdout
 
Finished building: Project_ADC.list
 
